../Core/Src/main.c:93:5:main	24	static
../Core/Src/main.c:183:6:SystemClock_Config	88	static
../Core/Src/main.c:227:13:MX_ADC1_Init	24	static
../Core/Src/main.c:274:13:MX_I2C1_Init	8	static
../Core/Src/main.c:308:13:MX_USART1_UART_Init	8	static
../Core/Src/main.c:341:13:MX_GPIO_Init	40	static
../Core/Src/main.c:378:6:TransmitAddressAndChannel	16	static
../Core/Src/main.c:385:16:crc16	24	static
../Core/Src/main.c:407:6:GetData_AM2315	32	static
../Core/Src/main.c:438:6:Error_Handler	4	static,ignoring_inline_asm
